Testing connection to IRC server...
Connecting to localhost:6667...
Connected successfully!
Sending NICK command...
Server response: :irc.cloudposse.com NOTICE Auth :*** Looking up your hostname...


Connection closed.
