============================= test session starts =============================
platform win32 -- Python 3.11.13, pytest-8.4.1, pluggy-1.6.0 -- c:\Users\stora\Downloads\socket-ai\.venv\Scripts\python.exe
cachedir: .pytest_cache
rootdir: C:\Users\stora\Downloads\socket-ai
plugins: anyio-4.9.0, asyncio-1.0.0
asyncio: mode=Mode.STRICT, asyncio_default_fixture_loop_scope=None, asyncio_default_test_loop_scope=function
collecting ... 
----------------------------- live log collection -----------------------------
INFO     test_cantina:test_cantina.py:74 Test configuration: BOTS=['C3PO', 'Chewbacca', 'HanSolo', 'PrincessLeia', 'R2D2'], TEST_HOST=127.0.0.1, TEST_PORT=6667, CHANNEL=#test-channel
collected 1 item

tests/test_cantina.py::test_cantina_bots 
------------------------------- live log setup --------------------------------
DEBUG    asyncio:proactor_events.py:633 Using proactor: IocpProactor
INFO     tests.mock_irc_server:mock_irc_server.py:132 Mock IRC server running on 127.0.0.1:6667
INFO     tests.mock_irc_server:mock_irc_server.py:26 New connection from ('127.0.0.1', 53672)
INFO     test_cantina:test_cantina.py:329 Mock server is running
ERROR    tests.mock_irc_server:mock_irc_server.py:122 Error closing client connection: [WinError 64] The specified network name is no longer available
-------------------------------- live log call --------------------------------
INFO     test_cantina:test_cantina.py:358 Starting test_cantina_bots...
INFO     test_cantina:test_cantina.py:366 Verified mock server is running
INFO     test_cantina:test_cantina.py:373 Launching bots from C:\Users\stora\Downloads\socket-ai\scripts\launch_team.py in C:\Users\stora\Downloads\socket-ai
INFO     tests.mock_irc_server:mock_irc_server.py:26 New connection from ('127.0.0.1', 53674)
INFO     test_cantina:test_cantina.py:374 Environment directory: C:\Users\stora\Downloads\socket-ai\environments\cantina
INFO     test_cantina:test_cantina.py:386 Launched bots with PID: 44784
INFO     test_cantina:test_cantina.py:405 Waiting for bots to initialize...
INFO     test_cantina:test_cantina.py:407 Starting in 10 seconds...
FAILED                                                                   [100%]
------------------------------ live log teardown ------------------------------
INFO     test_cantina:test_cantina.py:336 Stopping mock server...
INFO     tests.mock_irc_server:mock_irc_server.py:153 Stopping mock IRC server...
INFO     tests.mock_irc_server:mock_irc_server.py:202 Mock IRC server stopped
INFO     test_cantina:test_cantina.py:338 Mock server stopped


================================== FAILURES ===================================
______________________________ test_cantina_bots ______________________________

mock_irc_server = <tests.mock_irc_server.MockIRCServer object at 0x000001E05BE74B50>

    def test_cantina_bots(mock_irc_server):
        """Test that all bots can connect to the IRC server and participate in conversations."""
        logger.info("Starting test_cantina_bots...")
    
        # Verify mock server is running
        try:
            sock = socket.socket(socket.AF_INET, socket.SOCK_STREAM)
            sock.settimeout(1)
            sock.connect((TEST_HOST, TEST_PORT))
            sock.close()
            logger.info("Verified mock server is running")
        except Exception as e:
            logger.error(f"Failed to connect to mock server: {e}")
            raise
    
        # Launch bots
        try:
            logger.info(f"Launching bots from {LAUNCH_SCRIPT} in {PROJECT_ROOT}")
            logger.info(f"Environment directory: {ENV_DIR}")
    
            proc = subprocess.Popen(
                [sys.executable, str(LAUNCH_SCRIPT), str(ENV_DIR)],
                cwd=str(PROJECT_ROOT),
                creationflags=subprocess.CREATE_NEW_PROCESS_GROUP,
                stdout=subprocess.PIPE,
                stderr=subprocess.PIPE,
                text=True,
                bufsize=1,  # Line buffered
                universal_newlines=True
            )
            logger.info(f"Launched bots with PID: {proc.pid}")
        except Exception as e:
            logger.error(f"Failed to start bots: {e}")
            raise
    
        # Start a thread to print bot output
        def print_output(stream, prefix):
            for line in iter(stream.readline, ''):
                print(f"{prefix}{line}", end='')
    
        import threading
        stdout_thread = threading.Thread(target=print_output, args=(proc.stdout, "[BOT] "))
        stderr_thread = threading.Thread(target=print_output, args=(proc.stderr, "[BOT ERR] "))
        stdout_thread.daemon = True
        stderr_thread.daemon = True
        stdout_thread.start()
        stderr_thread.start()
        try:
            # Give bots time to start
            logger.info("Waiting for bots to initialize...")
            for i in range(10, 0, -1):
                logger.info(f"Starting in {i} seconds...")
>               logger.info(f"Connecting to IRC server at {IRC_HOST}:{IRC_PORT}...")
                                                           ^^^^^^^^
E               NameError: name 'IRC_HOST' is not defined

tests\test_cantina.py:408: NameError
----------------------------- Captured log setup ------------------------------
DEBUG    asyncio:proactor_events.py:633 Using proactor: IocpProactor
INFO     tests.mock_irc_server:mock_irc_server.py:132 Mock IRC server running on 127.0.0.1:6667
INFO     tests.mock_irc_server:mock_irc_server.py:26 New connection from ('127.0.0.1', 53672)
INFO     test_cantina:test_cantina.py:329 Mock server is running
ERROR    tests.mock_irc_server:mock_irc_server.py:122 Error closing client connection: [WinError 64] The specified network name is no longer available
------------------------------ Captured log call ------------------------------
INFO     test_cantina:test_cantina.py:358 Starting test_cantina_bots...
INFO     test_cantina:test_cantina.py:366 Verified mock server is running
INFO     test_cantina:test_cantina.py:373 Launching bots from C:\Users\stora\Downloads\socket-ai\scripts\launch_team.py in C:\Users\stora\Downloads\socket-ai
INFO     tests.mock_irc_server:mock_irc_server.py:26 New connection from ('127.0.0.1', 53674)
INFO     test_cantina:test_cantina.py:374 Environment directory: C:\Users\stora\Downloads\socket-ai\environments\cantina
INFO     test_cantina:test_cantina.py:386 Launched bots with PID: 44784
INFO     test_cantina:test_cantina.py:405 Waiting for bots to initialize...
INFO     test_cantina:test_cantina.py:407 Starting in 10 seconds...
---------------------------- Captured log teardown ----------------------------
INFO     test_cantina:test_cantina.py:336 Stopping mock server...
INFO     tests.mock_irc_server:mock_irc_server.py:153 Stopping mock IRC server...
INFO     tests.mock_irc_server:mock_irc_server.py:202 Mock IRC server stopped
INFO     test_cantina:test_cantina.py:338 Mock server stopped
============================== warnings summary ===============================
tests/test_cantina.py::test_cantina_bots
  c:\Users\stora\Downloads\socket-ai\.venv\Lib\site-packages\_pytest\threadexception.py:58: PytestUnhandledThreadExceptionWarning: Exception in thread Thread-1 (_run_server)
  
  Traceback (most recent call last):
    File "C:\Users\stora\micromamba\envs\irc-ai\Lib\threading.py", line 1045, in _bootstrap_inner
      self.run()
    File "C:\Users\stora\micromamba\envs\irc-ai\Lib\threading.py", line 982, in run
      self._target(*self._args, **self._kwargs)
    File "C:\Users\stora\Downloads\socket-ai\tests\mock_irc_server.py", line 149, in _run_server
      self._loop.run_until_complete(self.start_async())
    File "C:\Users\stora\micromamba\envs\irc-ai\Lib\asyncio\base_events.py", line 654, in run_until_complete
      return future.result()
             ^^^^^^^^^^^^^^^
    File "C:\Users\stora\Downloads\socket-ai\tests\mock_irc_server.py", line 135, in start_async
      await self.server.serve_forever()
    File "C:\Users\stora\micromamba\envs\irc-ai\Lib\asyncio\base_events.py", line 370, in serve_forever
      await self._serving_forever_fut
  asyncio.exceptions.CancelledError
  
  Enable tracemalloc to get traceback where the object was allocated.
  See https://docs.pytest.org/en/stable/how-to/capture-warnings.html#resource-warnings for more info.
    warnings.warn(pytest.PytestUnhandledThreadExceptionWarning(msg))

-- Docs: https://docs.pytest.org/en/stable/how-to/capture-warnings.html
=========================== short test summary info ===========================
FAILED tests/test_cantina.py::test_cantina_bots - NameError: name 'IRC_HOST' ...
======================== 1 failed, 1 warning in 1.12s =========================
